
Cadence (R) Virtuoso (R) Spectre (R) Circuit Simulator
Version 15.1.0.644.isr13 64bit -- 22 Oct 2016
Copyright (C) 1989-2016 Cadence Design Systems, Inc. All rights reserved worldwide. Cadence, Virtuoso and Spectre are registered trademarks of Cadence Design Systems, Inc. All others are the property of their respective holders.

Includes RSA BSAFE(R) Cryptographic or Security Protocol Software from RSA Security, Inc.

User: erichang   Host: bwrcr820-2.eecs.berkeley.edu   HostID: 2080343F   PID: 47343
Memory  available: 10.5491 GB  physical: 270.8262 GB
Linux   : Red Hat Enterprise Linux Server release 6.6 (Santiago)
CPU Type: Intel(R) Xeon(R) CPU E5-4650 v2 @ 2.40GHz
All processors running at 2399.9 MHz
        Socket: Processors (Hyperthreaded Processor)
        0:       0 ( 20 ),  2 ( 22 ),  4 ( 24 ),  6 ( 26 ),  8 ( 28 )
                10 ( 30 ), 12 ( 32 ), 14 ( 34 ), 16 ( 36 ), 18 ( 38 )
        1:       1 ( 21 ),  3 ( 23 ),  5 ( 25 ),  7 ( 27 ),  9 ( 29 )
                11 ( 31 ), 13 ( 33 ), 15 ( 35 ), 17 ( 37 ), 19 ( 39 )
        
System load averages (1min, 5min, 15min) : 1.1 %, 0.8 %, 0.6 %
Hyperthreading is enabled


Simulating `input.scs' on bwrcr820-2.eecs.berkeley.edu at 11:02:56 PM, Wed Jan 11, 2017 (process id: 47343).
Current working directory: /tools/scratch/erichang/simulation/adc_sampler_2/tran_test/adexl/results/data/Interactive.9/2/test/netlist
Environment variable:
    SPECTRE_DEFAULTS=-E
Command line:
    /tools/cadence/MMSIM/MMSIM151/tools/bin/spectre -64 input.scs  \
        +escchars +log ../psf/spectre.out -format psfbin -raw ../psf  \
        +lqtimeout 900 -maxw 5 -maxn 5 +logstatus

Loading /tools/cadence/MMSIM/MMSIM151/tools.lnx86/cmi/lib/64bit/5.0/libinfineon_sh.so ...
Loading /tools/cadence/MMSIM/MMSIM151/tools.lnx86/cmi/lib/64bit/5.0/libphilips_o_sh.so ...
Loading /tools/cadence/MMSIM/MMSIM151/tools.lnx86/cmi/lib/64bit/5.0/libphilips_sh.so ...
Loading /tools/cadence/MMSIM/MMSIM151/tools.lnx86/cmi/lib/64bit/5.0/libsparam_sh.so ...
Loading /tools/cadence/MMSIM/MMSIM151/tools.lnx86/cmi/lib/64bit/5.0/libstmodels_sh.so ...
Reading file:  /tools/scratch/erichang/simulation/adc_sampler_2/tran_test/adexl/results/data/Interactive.9/2/test/netlist/input.scs
Reading file:  /tools/cadence/MMSIM/MMSIM151/tools.lnx86/spectre/etc/configs/spectre.cfg
Reading file:  /tools/cadence/MMSIM/MMSIM151/tools.lnx86/spectre/etc/configs/mapsubckt.cfg
Reading link:  /tools/tstech16/CLN16FFC/PDK/tsmcN16/../models/toplevel.scs
Reading file:  /tools/tstech16/CLN16FFC/PDK/models/toplevel.scs.bwrc
Reading file:  /tools/tstech16/CLN16FFC/PDK/models/cln16ffcll_1d8_sp_v0d9_2p2_usage.scs
Reading file:  /tools/tstech16/CLN16FFC/PDK/models/cln16ffcll_1d8_sp_v0d9_2p2.scs
Reading file:  /tools/tstech16/CLN16FFC/PDK/models/tmi.cfg
Reading file:  /tools/tstech16/CLN16FFC/PDK/models/cln16ffcll_1d8_sp_v0d9_2p2_aux.scs
Reading file:  /tools/tstech16/CLN16FFC/PDK/models/res_metal.scs
Time for NDB Parsing: CPU = 549.916 ms, elapsed = 757.266 ms.
Time accumulated: CPU = 577.911 ms, elapsed = 757.269 ms.
Peak resident memory used = 51.4 Mbytes.


The CPU load for active processors is :
        Spectre  0 (30.1 %)      1 (7.9 %)       2 (75.3 %)      3 (2.6 %)
                 4 (31.5 %)      6 (35.1 %)      7 (6.6 %)       8 (23.0 %)
                10 (23.7 %)     12 (11.8 %)     14 (2.7 %)      16 (17.1 %)
                18 (11.8 %)     20 (1.4 %)      21 (5.3 %)      22 (79.5 %)
                23 (13.0 %)     24 (5.3 %)      25 (22.1 %)     26 (2.7 %)
                27 (10.8 %)     28 (6.7 %)      29 (10.5 %)     30 (1.3 %)
                31 (1.3 %)      34 (5.1 %)      35 (1.3 %)      36 (6.7 %)
                37 (1.3 %)      38 (4.0 %)      
        Other   
Reading link:  /tools/cadence/MMSIM/MMSIM151/tools.lnx86/spectre/etc/ahdl/discipline.h
Reading file:  /tools/cadence/MMSIM/MMSIM151/tools.lnx86/spectre/etc/ahdl/disciplines.vams
Reading link:  /tools/cadence/MMSIM/MMSIM151/tools.lnx86/spectre/etc/ahdl/constants.h
Reading file:  /tools/cadence/MMSIM/MMSIM151/tools.lnx86/spectre/etc/ahdl/constants.vams
Reading file:  /tools/tstech16/CLN16FFC/PDK/models/cln16ffcll_1d8_sp_v0d9_2p2_dir
Reading file:  /tools/tstech16/CLN16FFC/PDK/models/cln16ffcll_1d8_sp_v0d9_2p2_age_dir


Time for Elaboration: CPU = 95.986 ms, elapsed = 103.093 ms.
Time accumulated: CPU = 673.897 ms, elapsed = 860.574 ms.
Peak resident memory used = 69.3 Mbytes.

Time for EDB Visiting: CPU = 1 ms, elapsed = 656.843 us.
Time accumulated: CPU = 674.897 ms, elapsed = 861.445 ms.
Peak resident memory used = 69.6 Mbytes.


Global user options:
             reltol = 0.001
            vabstol = 1e-06
            iabstol = 1e-12
               temp = 27
               gmin = 1e-12
             rforce = 1
           maxnotes = 5
           maxwarns = 5
             digits = 5
               cols = 80
             pivrel = 0.001
           sensfile = ../psf/sens.output
     checklimitdest = psf
               save = selected
               tnom = 27
             scalem = 1
              scale = 1

Scoped user options:

Circuit inventory:
              nodes 3
          capacitor 2     
           resistor 3     
            vsource 1     

Analysis and control statement inventory:
                 ac 1     
                 dc 1     
               info 8     
               tran 1     

Output statements:
             .probe 0     
           .measure 0     
               save 1     

Time for parsing: CPU = 2.999 ms, elapsed = 3.896 ms.
Time accumulated: CPU = 677.896 ms, elapsed = 865.508 ms.
Peak resident memory used = 70.6 Mbytes.

~~~~~~~~~~~~~~~~~~~~~~
Pre-Simulation Summary
~~~~~~~~~~~~~~~~~~~~~~
~~~~~~~~~~~~~~~~~~~~~~

*************************************************
Transient Analysis `tran': time = (0 s -> 100 ns)
*************************************************
DC simulation time: CPU = 0 s, elapsed = 407.219 us.

Opening the PSF file ../psf/tran.tran.tran ...
Important parameter values:
    start = 0 s
    outputstart = 0 s
    stop = 100 ns
    step = 100 ps
    maxstep = 1 ns
    ic = all
    useprevic = no
    skipdc = no
    reltol = 100e-06
    abstol(V) = 1 uV
    abstol(I) = 1 pA
    temp = 27 C
    tnom = 27 C
    tempeffects = all
    errpreset = conservative
    method = gear2only
    lteratio = 10
    relref = alllocal
    cmin = 0 F
    gmin = 1 pS


Output and IC/nodeset summary:
                 save   1       (current)
                 save   3       (voltage)

    tran: time = 2.504 ns     (2.5 %), step = 168.1 ps     (168 m%)
    tran: time = 7.521 ns    (7.52 %), step = 770.6 ps     (771 m%)
    tran: time = 13.47 ns    (13.5 %), step = 1 ns            (1 %)
    tran: time = 18.47 ns    (18.5 %), step = 1 ns            (1 %)
    tran: time = 23.47 ns    (23.5 %), step = 1 ns            (1 %)
    tran: time = 28.47 ns    (28.5 %), step = 1 ns            (1 %)
    tran: time = 33.47 ns    (33.5 %), step = 1 ns            (1 %)
    tran: time = 38.47 ns    (38.5 %), step = 1 ns            (1 %)
    tran: time = 43.47 ns    (43.5 %), step = 1 ns            (1 %)
    tran: time = 48.47 ns    (48.5 %), step = 1 ns            (1 %)
    tran: time = 52.54 ns    (52.5 %), step = 171.3 ps     (171 m%)
    tran: time = 57.72 ns    (57.7 %), step = 805.2 ps     (805 m%)
    tran: time = 62.71 ns    (62.7 %), step = 1 ns            (1 %)
    tran: time = 67.71 ns    (67.7 %), step = 1 ns            (1 %)
    tran: time = 72.71 ns    (72.7 %), step = 1 ns            (1 %)
    tran: time = 77.71 ns    (77.7 %), step = 1 ns            (1 %)
    tran: time = 82.71 ns    (82.7 %), step = 1 ns            (1 %)
    tran: time = 87.71 ns    (87.7 %), step = 1 ns            (1 %)
    tran: time = 92.71 ns    (92.7 %), step = 1 ns            (1 %)
    tran: time = 97.71 ns    (97.7 %), step = 1 ns            (1 %)
Number of accepted tran steps =             180

~~~~~~~~~~~~~~~~~~~~~~~~~~~~~~~~~
Post-Transient Simulation Summary
~~~~~~~~~~~~~~~~~~~~~~~~~~~~~~~~~
   -   Parasitics slow down simulation. To speed up, consider
          add +postlayout on command line
   -   To further speed up simulation, consider
          add ++aps on command line
   -   Non-default settings that could significantly slow down simulation
          errpreset = conservative, default moderate
~~~~~~~~~~~~~~~~~~~~~~~~~~~~~~~~~


During simulation, the CPU load for active processors is :
        Spectre  0 (32.6 %)      1 (7.9 %)       2 (74.7 %)      3 (2.3 %)
                 4 (38.8 %)      6 (32.2 %)      7 (5.7 %)       8 (27.9 %)
                10 (20.5 %)     12 (13.6 %)     14 (4.5 %)      16 (18.2 %)
                18 (12.5 %)     20 (1.2 %)      21 (4.5 %)      22 (81.6 %)
                23 (11.2 %)     24 (4.5 %)      25 (19.1 %)     26 (2.3 %)
                27 (9.3 %)      28 (6.9 %)      29 (9.1 %)      30 (1.1 %)
                31 (1.1 %)      34 (4.4 %)      35 (1.1 %)      36 (5.7 %)
                37 (1.1 %)      38 (3.4 %)      
        Other   
Initial condition solution time: CPU = 0 s, elapsed = 467.062 us.
Intrinsic tran analysis time:    CPU = 6.999 ms, elapsed = 8.86798 ms.
Total time required for tran analysis `tran': CPU = 8.998 ms, elapsed = 15.3651 ms.
Time accumulated: CPU = 688.894 ms, elapsed = 882.719 ms.
Peak resident memory used = 72.3 Mbytes.

finalTimeOP: writing operating point information to rawfile.

Opening the PSF file ../psf/finalTimeOP.info ...

******************
DC Analysis `dcOp'
******************

Opening the PSF file ../psf/dcOp.dc ...
Important parameter values:
    reltol = 1e-03
    abstol(V) = 1 uV
    abstol(I) = 1 pA
    temp = 27 C
    tnom = 27 C
    tempeffects = all
    gmindc = 1 pS
Convergence achieved in 2 iterations.
DC simulation time: CPU = 691.894 ms, elapsed = 891.153 ms.
Total time required for dc analysis `dcOp': CPU = 1 ms, elapsed = 3.85618 ms.
Time accumulated: CPU = 691.894 ms, elapsed = 891.783 ms.
Peak resident memory used = 72.4 Mbytes.

dcOpInfo: writing operating point information to rawfile.

Opening the PSF file ../psf/dcOpInfo.info ...

********************************************
AC Analysis `ac': freq = (10 kHz -> 100 GHz)
********************************************

Opening the PSF file ../psf/ac.ac ...
    ac: freq = 19.05 kHz      (4 %), step = 5.251 kHz       (2 %)
    ac: freq = 26.3 kHz       (6 %), step = 7.248 kHz       (2 %)
    ac: freq = 36.31 kHz      (8 %), step = 10.01 kHz       (2 %)
    ac: freq = 50.12 kHz     (10 %), step = 13.81 kHz       (2 %)
    ac: freq = 69.18 kHz     (12 %), step = 19.06 kHz       (2 %)
    ac: freq = 95.5 kHz      (14 %), step = 26.32 kHz       (2 %)
    ac: freq = 131.8 kHz     (16 %), step = 36.33 kHz       (2 %)
    ac: freq = 182 kHz       (18 %), step = 50.14 kHz       (2 %)
    ac: freq = 251.2 kHz     (20 %), step = 69.22 kHz       (2 %)
    ac: freq = 346.7 kHz     (22 %), step = 95.55 kHz       (2 %)
    ac: freq = 478.6 kHz     (24 %), step = 131.9 kHz       (2 %)
    ac: freq = 660.7 kHz     (26 %), step = 182.1 kHz       (2 %)
    ac: freq = 912 kHz       (28 %), step = 251.3 kHz       (2 %)
    ac: freq = 1.259 MHz     (30 %), step = 346.9 kHz       (2 %)
    ac: freq = 1.738 MHz     (32 %), step = 478.9 kHz       (2 %)
    ac: freq = 2.399 MHz     (34 %), step = 661 kHz         (2 %)
    ac: freq = 3.311 MHz     (36 %), step = 912.5 kHz       (2 %)
    ac: freq = 4.571 MHz     (38 %), step = 1.26 MHz        (2 %)
    ac: freq = 6.31 MHz      (40 %), step = 1.739 MHz       (2 %)
    ac: freq = 8.71 MHz      (42 %), step = 2.4 MHz         (2 %)
    ac: freq = 12.02 MHz     (44 %), step = 3.313 MHz       (2 %)
    ac: freq = 16.6 MHz      (46 %), step = 4.573 MHz       (2 %)
    ac: freq = 22.91 MHz     (48 %), step = 6.313 MHz       (2 %)
    ac: freq = 31.62 MHz     (50 %), step = 8.714 MHz       (2 %)
    ac: freq = 43.65 MHz     (52 %), step = 12.03 MHz       (2 %)
    ac: freq = 60.26 MHz     (54 %), step = 16.6 MHz        (2 %)
    ac: freq = 83.18 MHz     (56 %), step = 22.92 MHz       (2 %)
    ac: freq = 114.8 MHz     (58 %), step = 31.64 MHz       (2 %)
    ac: freq = 158.5 MHz     (60 %), step = 43.67 MHz       (2 %)
    ac: freq = 218.8 MHz     (62 %), step = 60.29 MHz       (2 %)
    ac: freq = 302 MHz       (64 %), step = 83.22 MHz       (2 %)
    ac: freq = 416.9 MHz     (66 %), step = 114.9 MHz       (2 %)
    ac: freq = 575.4 MHz     (68 %), step = 158.6 MHz       (2 %)
    ac: freq = 794.3 MHz     (70 %), step = 218.9 MHz       (2 %)
    ac: freq = 1.096 GHz     (72 %), step = 302.1 MHz       (2 %)
    ac: freq = 1.514 GHz     (74 %), step = 417.1 MHz       (2 %)
    ac: freq = 2.089 GHz     (76 %), step = 575.7 MHz       (2 %)
    ac: freq = 2.884 GHz     (78 %), step = 794.7 MHz       (2 %)
    ac: freq = 3.981 GHz     (80 %), step = 1.097 GHz       (2 %)
    ac: freq = 5.495 GHz     (82 %), step = 1.514 GHz       (2 %)
    ac: freq = 7.586 GHz     (84 %), step = 2.09 GHz        (2 %)
    ac: freq = 10.47 GHz     (86 %), step = 2.886 GHz       (2 %)
    ac: freq = 14.45 GHz     (88 %), step = 3.983 GHz       (2 %)
    ac: freq = 19.95 GHz     (90 %), step = 5.498 GHz       (2 %)
    ac: freq = 27.54 GHz     (92 %), step = 7.59 GHz        (2 %)
    ac: freq = 38.02 GHz     (94 %), step = 10.48 GHz       (2 %)
    ac: freq = 52.48 GHz     (96 %), step = 14.46 GHz       (2 %)
    ac: freq = 72.44 GHz     (98 %), step = 19.96 GHz       (2 %)
    ac: freq = 100 GHz      (100 %), step = 27.56 GHz       (2 %)
Accumulated DC solution time = 0 s.
Intrinsic ac analysis time =              0 s.
Total time required for ac analysis `ac': CPU = 3 ms, elapsed = 4.90904 ms.
Time accumulated: CPU = 696.893 ms, elapsed = 900.313 ms.
Peak resident memory used = 72.5 Mbytes.

modelParameter: writing model parameter values to rawfile.

Opening the PSF file ../psf/modelParameter.info ...
element: writing instance parameter values to rawfile.

Opening the PSF file ../psf/element.info ...
outputParameter: writing output parameter values to rawfile.

Opening the PSF file ../psf/outputParameter.info ...
designParamVals: writing netlist parameters to rawfile.

Opening the PSFASCII file ../psf/designParamVals.info ...
primitives: writing primitives to rawfile.

Opening the PSFASCII file ../psf/primitives.info.primitives ...
subckts: writing subcircuits to rawfile.

Opening the PSFASCII file ../psf/subckts.info.subckts ...

Aggregate audit (11:02:57 PM, Wed Jan 11, 2017):
Time used: CPU = 739 ms, elapsed = 953 ms, util. = 77.5%.
Time spent in licensing: elapsed = 27.3 ms.
Peak memory used = 75.6 Mbytes.
Simulation started at: 11:02:56 PM, Wed Jan 11, 2017, ended at: 11:02:57 PM, Wed Jan 11, 2017, with elapsed time (wall clock): 953 ms.
spectre completes with 0 errors, 0 warnings, and 0 notices.
